Archive member included to satisfy reference by file (symbol)

c:/atmel/studio/7.0/toolchain/avr8/avr8-gnu-toolchain/bin/../lib/gcc/avr/5.4.0/avr5\libgcc.a(_udivmodsi4.o)
                              ECUAL/LED/LED.o (__udivmodsi4)
c:/atmel/studio/7.0/toolchain/avr8/avr8-gnu-toolchain/bin/../lib/gcc/avr/5.4.0/avr5\libgcc.a(_exit.o)
                              C:/Atmel/Studio/7.0/Packs/atmel/ATmega_DFP/1.6.364/gcc/dev/atmega32/avr5/crtatmega32.o (exit)
c:/atmel/studio/7.0/toolchain/avr8/avr8-gnu-toolchain/bin/../lib/gcc/avr/5.4.0/avr5\libgcc.a(_clear_bss.o)
                              APP/APP.o (__do_clear_bss)

Discarded input sections

 .data          0x00000000        0x0 C:/Atmel/Studio/7.0/Packs/atmel/ATmega_DFP/1.6.364/gcc/dev/atmega32/avr5/crtatmega32.o
 .bss           0x00000000        0x0 C:/Atmel/Studio/7.0/Packs/atmel/ATmega_DFP/1.6.364/gcc/dev/atmega32/avr5/crtatmega32.o
 .text          0x00000000        0x0 APP/APP.o
 .data          0x00000000        0x0 APP/APP.o
 .bss           0x00000000        0x0 APP/APP.o
 .text          0x00000000        0x0 ECUAL/BUTTON/Button.o
 .data          0x00000000        0x0 ECUAL/BUTTON/Button.o
 .bss           0x00000000        0x0 ECUAL/BUTTON/Button.o
 .text.BUTTON_read
                0x00000000        0xc ECUAL/BUTTON/Button.o
 .text          0x00000000        0x0 ECUAL/BUTTON/test.o
 .data          0x00000000        0x0 ECUAL/BUTTON/test.o
 .bss           0x00000000        0x0 ECUAL/BUTTON/test.o
 .debug_line    0x00000000        0x0 ECUAL/BUTTON/test.o
 .debug_str     0x00000000      0x10b ECUAL/BUTTON/test.o
 .comment       0x00000000       0x31 ECUAL/BUTTON/test.o
 .text          0x00000000        0x0 ECUAL/LED/LED.o
 .data          0x00000000        0x0 ECUAL/LED/LED.o
 .bss           0x00000000        0x0 ECUAL/LED/LED.o
 .text.toggle_LED_5s
                0x00000000       0x6e ECUAL/LED/LED.o
 .text          0x00000000        0x0 ECUAL/LED/test.o
 .data          0x00000000        0x0 ECUAL/LED/test.o
 .bss           0x00000000        0x0 ECUAL/LED/test.o
 .debug_line    0x00000000        0x0 ECUAL/LED/test.o
 .debug_str     0x00000000      0x108 ECUAL/LED/test.o
 .comment       0x00000000       0x31 ECUAL/LED/test.o
 .text          0x00000000        0x0 main.o
 .data          0x00000000        0x0 main.o
 .bss           0x00000000        0x0 main.o
 .text          0x00000000        0x0 MCAL/DIO/DIO.o
 .data          0x00000000        0x0 MCAL/DIO/DIO.o
 .bss           0x00000000        0x0 MCAL/DIO/DIO.o
 .text.DIO_read
                0x00000000       0xca MCAL/DIO/DIO.o
 .text          0x00000000        0x0 MCAL/DIO/Test.o
 .data          0x00000000        0x0 MCAL/DIO/Test.o
 .bss           0x00000000        0x0 MCAL/DIO/Test.o
 .debug_line    0x00000000        0x0 MCAL/DIO/Test.o
 .debug_str     0x00000000      0x107 MCAL/DIO/Test.o
 .comment       0x00000000       0x31 MCAL/DIO/Test.o
 .text          0x00000000        0x0 MCAL/INTERUPTS/INTERUPT.o
 .data          0x00000000        0x0 MCAL/INTERUPTS/INTERUPT.o
 .bss           0x00000000        0x0 MCAL/INTERUPTS/INTERUPT.o
 .text          0x00000000        0x0 MCAL/INTERUPTS/test.o
 .data          0x00000000        0x0 MCAL/INTERUPTS/test.o
 .bss           0x00000000        0x0 MCAL/INTERUPTS/test.o
 .debug_line    0x00000000        0x0 MCAL/INTERUPTS/test.o
 .debug_str     0x00000000      0x10d MCAL/INTERUPTS/test.o
 .comment       0x00000000       0x31 MCAL/INTERUPTS/test.o
 .text          0x00000000        0x0 MCAL/TIMER/Test.o
 .data          0x00000000        0x0 MCAL/TIMER/Test.o
 .bss           0x00000000        0x0 MCAL/TIMER/Test.o
 .debug_line    0x00000000        0x0 MCAL/TIMER/Test.o
 .debug_str     0x00000000      0x109 MCAL/TIMER/Test.o
 .comment       0x00000000       0x31 MCAL/TIMER/Test.o
 .text          0x00000000        0x0 MCAL/TIMER/TImer.o
 .data          0x00000000        0x0 MCAL/TIMER/TImer.o
 .bss           0x00000000        0x0 MCAL/TIMER/TImer.o
 .bss.overflowCounter
                0x00000000        0x4 MCAL/TIMER/TImer.o
 .text          0x00000000        0x0 c:/atmel/studio/7.0/toolchain/avr8/avr8-gnu-toolchain/bin/../lib/gcc/avr/5.4.0/avr5\libgcc.a(_udivmodsi4.o)
 .data          0x00000000        0x0 c:/atmel/studio/7.0/toolchain/avr8/avr8-gnu-toolchain/bin/../lib/gcc/avr/5.4.0/avr5\libgcc.a(_udivmodsi4.o)
 .bss           0x00000000        0x0 c:/atmel/studio/7.0/toolchain/avr8/avr8-gnu-toolchain/bin/../lib/gcc/avr/5.4.0/avr5\libgcc.a(_udivmodsi4.o)
 .text.libgcc.mul
                0x00000000        0x0 c:/atmel/studio/7.0/toolchain/avr8/avr8-gnu-toolchain/bin/../lib/gcc/avr/5.4.0/avr5\libgcc.a(_udivmodsi4.o)
 .text.libgcc   0x00000000        0x0 c:/atmel/studio/7.0/toolchain/avr8/avr8-gnu-toolchain/bin/../lib/gcc/avr/5.4.0/avr5\libgcc.a(_udivmodsi4.o)
 .text.libgcc.prologue
                0x00000000        0x0 c:/atmel/studio/7.0/toolchain/avr8/avr8-gnu-toolchain/bin/../lib/gcc/avr/5.4.0/avr5\libgcc.a(_udivmodsi4.o)
 .text.libgcc.builtins
                0x00000000        0x0 c:/atmel/studio/7.0/toolchain/avr8/avr8-gnu-toolchain/bin/../lib/gcc/avr/5.4.0/avr5\libgcc.a(_udivmodsi4.o)
 .text.libgcc.fmul
                0x00000000        0x0 c:/atmel/studio/7.0/toolchain/avr8/avr8-gnu-toolchain/bin/../lib/gcc/avr/5.4.0/avr5\libgcc.a(_udivmodsi4.o)
 .text.libgcc.fixed
                0x00000000        0x0 c:/atmel/studio/7.0/toolchain/avr8/avr8-gnu-toolchain/bin/../lib/gcc/avr/5.4.0/avr5\libgcc.a(_udivmodsi4.o)
 .text          0x00000000        0x0 c:/atmel/studio/7.0/toolchain/avr8/avr8-gnu-toolchain/bin/../lib/gcc/avr/5.4.0/avr5\libgcc.a(_exit.o)
 .data          0x00000000        0x0 c:/atmel/studio/7.0/toolchain/avr8/avr8-gnu-toolchain/bin/../lib/gcc/avr/5.4.0/avr5\libgcc.a(_exit.o)
 .bss           0x00000000        0x0 c:/atmel/studio/7.0/toolchain/avr8/avr8-gnu-toolchain/bin/../lib/gcc/avr/5.4.0/avr5\libgcc.a(_exit.o)
 .text.libgcc.mul
                0x00000000        0x0 c:/atmel/studio/7.0/toolchain/avr8/avr8-gnu-toolchain/bin/../lib/gcc/avr/5.4.0/avr5\libgcc.a(_exit.o)
 .text.libgcc.div
                0x00000000        0x0 c:/atmel/studio/7.0/toolchain/avr8/avr8-gnu-toolchain/bin/../lib/gcc/avr/5.4.0/avr5\libgcc.a(_exit.o)
 .text.libgcc   0x00000000        0x0 c:/atmel/studio/7.0/toolchain/avr8/avr8-gnu-toolchain/bin/../lib/gcc/avr/5.4.0/avr5\libgcc.a(_exit.o)
 .text.libgcc.prologue
                0x00000000        0x0 c:/atmel/studio/7.0/toolchain/avr8/avr8-gnu-toolchain/bin/../lib/gcc/avr/5.4.0/avr5\libgcc.a(_exit.o)
 .text.libgcc.builtins
                0x00000000        0x0 c:/atmel/studio/7.0/toolchain/avr8/avr8-gnu-toolchain/bin/../lib/gcc/avr/5.4.0/avr5\libgcc.a(_exit.o)
 .text.libgcc.fmul
                0x00000000        0x0 c:/atmel/studio/7.0/toolchain/avr8/avr8-gnu-toolchain/bin/../lib/gcc/avr/5.4.0/avr5\libgcc.a(_exit.o)
 .text.libgcc.fixed
                0x00000000        0x0 c:/atmel/studio/7.0/toolchain/avr8/avr8-gnu-toolchain/bin/../lib/gcc/avr/5.4.0/avr5\libgcc.a(_exit.o)
 .text          0x00000000        0x0 c:/atmel/studio/7.0/toolchain/avr8/avr8-gnu-toolchain/bin/../lib/gcc/avr/5.4.0/avr5\libgcc.a(_clear_bss.o)
 .data          0x00000000        0x0 c:/atmel/studio/7.0/toolchain/avr8/avr8-gnu-toolchain/bin/../lib/gcc/avr/5.4.0/avr5\libgcc.a(_clear_bss.o)
 .bss           0x00000000        0x0 c:/atmel/studio/7.0/toolchain/avr8/avr8-gnu-toolchain/bin/../lib/gcc/avr/5.4.0/avr5\libgcc.a(_clear_bss.o)
 .text.libgcc.mul
                0x00000000        0x0 c:/atmel/studio/7.0/toolchain/avr8/avr8-gnu-toolchain/bin/../lib/gcc/avr/5.4.0/avr5\libgcc.a(_clear_bss.o)
 .text.libgcc.div
                0x00000000        0x0 c:/atmel/studio/7.0/toolchain/avr8/avr8-gnu-toolchain/bin/../lib/gcc/avr/5.4.0/avr5\libgcc.a(_clear_bss.o)
 .text.libgcc   0x00000000        0x0 c:/atmel/studio/7.0/toolchain/avr8/avr8-gnu-toolchain/bin/../lib/gcc/avr/5.4.0/avr5\libgcc.a(_clear_bss.o)
 .text.libgcc.prologue
                0x00000000        0x0 c:/atmel/studio/7.0/toolchain/avr8/avr8-gnu-toolchain/bin/../lib/gcc/avr/5.4.0/avr5\libgcc.a(_clear_bss.o)
 .text.libgcc.builtins
                0x00000000        0x0 c:/atmel/studio/7.0/toolchain/avr8/avr8-gnu-toolchain/bin/../lib/gcc/avr/5.4.0/avr5\libgcc.a(_clear_bss.o)
 .text.libgcc.fmul
                0x00000000        0x0 c:/atmel/studio/7.0/toolchain/avr8/avr8-gnu-toolchain/bin/../lib/gcc/avr/5.4.0/avr5\libgcc.a(_clear_bss.o)
 .text.libgcc.fixed
                0x00000000        0x0 c:/atmel/studio/7.0/toolchain/avr8/avr8-gnu-toolchain/bin/../lib/gcc/avr/5.4.0/avr5\libgcc.a(_clear_bss.o)

Memory Configuration

Name             Origin             Length             Attributes
text             0x00000000         0x00008000         xr
data             0x00800060         0x00000800         rw !x
eeprom           0x00810000         0x00000400         rw !x
fuse             0x00820000         0x00000002         rw !x
lock             0x00830000         0x00000400         rw !x
signature        0x00840000         0x00000400         rw !x
user_signatures  0x00850000         0x00000400         rw !x
*default*        0x00000000         0xffffffff

Linker script and memory map

LOAD C:/Atmel/Studio/7.0/Packs/atmel/ATmega_DFP/1.6.364/gcc/dev/atmega32/avr5/crtatmega32.o
LOAD APP/APP.o
LOAD ECUAL/BUTTON/Button.o
LOAD ECUAL/BUTTON/test.o
LOAD ECUAL/LED/LED.o
LOAD ECUAL/LED/test.o
LOAD main.o
LOAD MCAL/DIO/DIO.o
LOAD MCAL/DIO/Test.o
LOAD MCAL/INTERUPTS/INTERUPT.o
LOAD MCAL/INTERUPTS/test.o
LOAD MCAL/TIMER/Test.o
LOAD MCAL/TIMER/TImer.o
START GROUP
LOAD c:/atmel/studio/7.0/toolchain/avr8/avr8-gnu-toolchain/bin/../lib/gcc/avr/5.4.0/../../../../avr/lib/avr5\libm.a
END GROUP
START GROUP
LOAD c:/atmel/studio/7.0/toolchain/avr8/avr8-gnu-toolchain/bin/../lib/gcc/avr/5.4.0/avr5\libgcc.a
LOAD c:/atmel/studio/7.0/toolchain/avr8/avr8-gnu-toolchain/bin/../lib/gcc/avr/5.4.0/../../../../avr/lib/avr5\libm.a
LOAD c:/atmel/studio/7.0/toolchain/avr8/avr8-gnu-toolchain/bin/../lib/gcc/avr/5.4.0/../../../../avr/lib/avr5\libc.a
LOAD C:/Atmel/Studio/7.0/Packs/atmel/ATmega_DFP/1.6.364/gcc/dev/atmega32/avr5\libatmega32.a
END GROUP
                0x00000000                __TEXT_REGION_ORIGIN__ = DEFINED (__TEXT_REGION_ORIGIN__)?__TEXT_REGION_ORIGIN__:0x0
                [0x00800060]                __DATA_REGION_ORIGIN__ = DEFINED (__DATA_REGION_ORIGIN__)?__DATA_REGION_ORIGIN__:0x800060
                [0x00008000]                __TEXT_REGION_LENGTH__ = DEFINED (__TEXT_REGION_LENGTH__)?__TEXT_REGION_LENGTH__:0x20000
                [0x00000800]                __DATA_REGION_LENGTH__ = DEFINED (__DATA_REGION_LENGTH__)?__DATA_REGION_LENGTH__:0xffa0
                [0x00000400]                __EEPROM_REGION_LENGTH__ = DEFINED (__EEPROM_REGION_LENGTH__)?__EEPROM_REGION_LENGTH__:0x10000
                [0x00000002]                __FUSE_REGION_LENGTH__ = DEFINED (__FUSE_REGION_LENGTH__)?__FUSE_REGION_LENGTH__:0x400
                0x00000400                __LOCK_REGION_LENGTH__ = DEFINED (__LOCK_REGION_LENGTH__)?__LOCK_REGION_LENGTH__:0x400
                0x00000400                __SIGNATURE_REGION_LENGTH__ = DEFINED (__SIGNATURE_REGION_LENGTH__)?__SIGNATURE_REGION_LENGTH__:0x400
                0x00000400                __USER_SIGNATURE_REGION_LENGTH__ = DEFINED (__USER_SIGNATURE_REGION_LENGTH__)?__USER_SIGNATURE_REGION_LENGTH__:0x400

.hash
 *(.hash)

.dynsym
 *(.dynsym)

.dynstr
 *(.dynstr)

.gnu.version
 *(.gnu.version)

.gnu.version_d
 *(.gnu.version_d)

.gnu.version_r
 *(.gnu.version_r)

.rel.init
 *(.rel.init)

.rela.init
 *(.rela.init)

.rel.text
 *(.rel.text)
 *(.rel.text.*)
 *(.rel.gnu.linkonce.t*)

.rela.text
 *(.rela.text)
 *(.rela.text.*)
 *(.rela.gnu.linkonce.t*)

.rel.fini
 *(.rel.fini)

.rela.fini
 *(.rela.fini)

.rel.rodata
 *(.rel.rodata)
 *(.rel.rodata.*)
 *(.rel.gnu.linkonce.r*)

.rela.rodata
 *(.rela.rodata)
 *(.rela.rodata.*)
 *(.rela.gnu.linkonce.r*)

.rel.data
 *(.rel.data)
 *(.rel.data.*)
 *(.rel.gnu.linkonce.d*)

.rela.data
 *(.rela.data)
 *(.rela.data.*)
 *(.rela.gnu.linkonce.d*)

.rel.ctors
 *(.rel.ctors)

.rela.ctors
 *(.rela.ctors)

.rel.dtors
 *(.rel.dtors)

.rela.dtors
 *(.rela.dtors)

.rel.got
 *(.rel.got)

.rela.got
 *(.rela.got)

.rel.bss
 *(.rel.bss)

.rela.bss
 *(.rela.bss)

.rel.plt
 *(.rel.plt)

.rela.plt
 *(.rela.plt)

.text           0x00000000      0x708
 *(.vectors)
 .vectors       0x00000000       0x54 C:/Atmel/Studio/7.0/Packs/atmel/ATmega_DFP/1.6.364/gcc/dev/atmega32/avr5/crtatmega32.o
                0x00000000                __vector_default
                0x00000000                __vectors
 *(.vectors)
 *(.progmem.gcc*)
                0x00000054                . = ALIGN (0x2)
                0x00000054                __trampolines_start = .
 *(.trampolines)
 .trampolines   0x00000054        0x0 linker stubs
 *(.trampolines*)
                0x00000054                __trampolines_end = .
 *libprintf_flt.a:*(.progmem.data)
 *libc.a:*(.progmem.data)
 *(.progmem*)
                0x00000054                . = ALIGN (0x2)
 *(.jumptables)
 *(.jumptables*)
 *(.lowtext)
 *(.lowtext*)
                0x00000054                __ctors_start = .
 *(.ctors)
                0x00000054                __ctors_end = .
                0x00000054                __dtors_start = .
 *(.dtors)
                0x00000054                __dtors_end = .
 SORT(*)(.ctors)
 SORT(*)(.dtors)
 *(.init0)
 .init0         0x00000054        0x0 C:/Atmel/Studio/7.0/Packs/atmel/ATmega_DFP/1.6.364/gcc/dev/atmega32/avr5/crtatmega32.o
                0x00000054                __init
 *(.init0)
 *(.init1)
 *(.init1)
 *(.init2)
 .init2         0x00000054        0xc C:/Atmel/Studio/7.0/Packs/atmel/ATmega_DFP/1.6.364/gcc/dev/atmega32/avr5/crtatmega32.o
 *(.init2)
 *(.init3)
 *(.init3)
 *(.init4)
 .init4         0x00000060       0x10 c:/atmel/studio/7.0/toolchain/avr8/avr8-gnu-toolchain/bin/../lib/gcc/avr/5.4.0/avr5\libgcc.a(_clear_bss.o)
                0x00000060                __do_clear_bss
 *(.init4)
 *(.init5)
 *(.init5)
 *(.init6)
 *(.init6)
 *(.init7)
 *(.init7)
 *(.init8)
 *(.init8)
 *(.init9)
 .init9         0x00000070        0x8 C:/Atmel/Studio/7.0/Packs/atmel/ATmega_DFP/1.6.364/gcc/dev/atmega32/avr5/crtatmega32.o
 *(.init9)
 *(.text)
 .text          0x00000078        0x4 C:/Atmel/Studio/7.0/Packs/atmel/ATmega_DFP/1.6.364/gcc/dev/atmega32/avr5/crtatmega32.o
                0x00000078                __vector_12
                0x00000078                __bad_interrupt
                0x00000078                __vector_6
                0x00000078                __vector_3
                0x00000078                __vector_11
                0x00000078                __vector_13
                0x00000078                __vector_17
                0x00000078                __vector_19
                0x00000078                __vector_7
                0x00000078                __vector_5
                0x00000078                __vector_4
                0x00000078                __vector_9
                0x00000078                __vector_2
                0x00000078                __vector_15
                0x00000078                __vector_8
                0x00000078                __vector_14
                0x00000078                __vector_10
                0x00000078                __vector_16
                0x00000078                __vector_18
                0x00000078                __vector_20
                0x0000007c                . = ALIGN (0x2)
 *(.text.*)
 .text.App_init
                0x0000007c       0x42 APP/APP.o
                0x0000007c                App_init
 .text.TurnLEDoff
                0x000000be       0x32 APP/APP.o
                0x000000be                TurnLEDoff
 .text.App_start
                0x000000f0       0x80 APP/APP.o
                0x000000f0                App_start
 .text.__vector_1
                0x00000170      0x108 APP/APP.o
                0x00000170                __vector_1
 .text.BUTTON_init
                0x00000278        0xe ECUAL/BUTTON/Button.o
                0x00000278                BUTTON_init
 .text.LED_init
                0x00000286        0xe ECUAL/LED/LED.o
                0x00000286                LED_init
 .text.LED_on   0x00000294        0xe ECUAL/LED/LED.o
                0x00000294                LED_on
 .text.LED_off  0x000002a2        0xe ECUAL/LED/LED.o
                0x000002a2                LED_off
 .text.LED_toggle
                0x000002b0        0xc ECUAL/LED/LED.o
                0x000002b0                LED_toggle
 .text.toggle_2_LEDs_5s
                0x000002bc       0x82 ECUAL/LED/LED.o
                0x000002bc                toggle_2_LEDs_5s
 .text.main     0x0000033e        0xa main.o
                0x0000033e                main
 .text.DIO_init
                0x00000348      0x116 MCAL/DIO/DIO.o
                0x00000348                DIO_init
 .text.DIO_write
                0x0000045e      0x116 MCAL/DIO/DIO.o
                0x0000045e                DIO_write
 .text.DIO_toggle
                0x00000574       0x7e MCAL/DIO/DIO.o
                0x00000574                DIO_toggle
 .text.interupts_init
                0x000005f2       0x16 MCAL/INTERUPTS/INTERUPT.o
                0x000005f2                interupts_init
 .text.Timer0_init_normal
                0x00000608        0x6 MCAL/TIMER/TImer.o
                0x00000608                Timer0_init_normal
 .text.TIMER0_start
                0x0000060e       0x94 MCAL/TIMER/TImer.o
                0x0000060e                TIMER0_start
 .text.Timer_stop
                0x000006a2        0x4 MCAL/TIMER/TImer.o
                0x000006a2                Timer_stop
 .text.delay_5s
                0x000006a6       0x1a MCAL/TIMER/TImer.o
                0x000006a6                delay_5s
 .text.libgcc.div
                0x000006c0       0x44 c:/atmel/studio/7.0/toolchain/avr8/avr8-gnu-toolchain/bin/../lib/gcc/avr/5.4.0/avr5\libgcc.a(_udivmodsi4.o)
                0x000006c0                __udivmodsi4
                0x00000704                . = ALIGN (0x2)
 *(.fini9)
 .fini9         0x00000704        0x0 c:/atmel/studio/7.0/toolchain/avr8/avr8-gnu-toolchain/bin/../lib/gcc/avr/5.4.0/avr5\libgcc.a(_exit.o)
                0x00000704                _exit
                0x00000704                exit
 *(.fini9)
 *(.fini8)
 *(.fini8)
 *(.fini7)
 *(.fini7)
 *(.fini6)
 *(.fini6)
 *(.fini5)
 *(.fini5)
 *(.fini4)
 *(.fini4)
 *(.fini3)
 *(.fini3)
 *(.fini2)
 *(.fini2)
 *(.fini1)
 *(.fini1)
 *(.fini0)
 .fini0         0x00000704        0x4 c:/atmel/studio/7.0/toolchain/avr8/avr8-gnu-toolchain/bin/../lib/gcc/avr/5.4.0/avr5\libgcc.a(_exit.o)
 *(.fini0)
                0x00000708                _etext = .

.data           0x00800060        0x0 load address 0x00000708
                [!provide]                PROVIDE (__data_start, .)
 *(.data)
 *(.data*)
 *(.gnu.linkonce.d*)
 *(.rodata)
 *(.rodata*)
 *(.gnu.linkonce.r*)
                0x00800060                . = ALIGN (0x2)
                0x00800060                _edata = .
                [!provide]                PROVIDE (__data_end, .)

.bss            0x00800060        0x4
                0x00800060                PROVIDE (__bss_start, .)
 *(.bss)
 *(.bss*)
 .bss.mode      0x00800060        0x1 APP/APP.o
                0x00800060                mode
 .bss.flag_Y    0x00800061        0x1 APP/APP.o
                0x00800061                flag_Y
 .bss.flag_G    0x00800062        0x1 APP/APP.o
                0x00800062                flag_G
 .bss.flag_R    0x00800063        0x1 APP/APP.o
                0x00800063                flag_R
 *(COMMON)
                0x00800064                PROVIDE (__bss_end, .)
                0x00000708                __data_load_start = LOADADDR (.data)
                0x00000708                __data_load_end = (__data_load_start + SIZEOF (.data))

.noinit         0x00800064        0x0
                [!provide]                PROVIDE (__noinit_start, .)
 *(.noinit*)
                [!provide]                PROVIDE (__noinit_end, .)
                0x00800064                _end = .
                [!provide]                PROVIDE (__heap_start, .)

.eeprom         0x00810000        0x0
 *(.eeprom*)
                0x00810000                __eeprom_end = .

.fuse
 *(.fuse)
 *(.lfuse)
 *(.hfuse)
 *(.efuse)

.lock
 *(.lock*)

.signature
 *(.signature*)

.user_signatures
 *(.user_signatures*)

.stab
 *(.stab)

.stabstr
 *(.stabstr)

.stab.excl
 *(.stab.excl)

.stab.exclstr
 *(.stab.exclstr)

.stab.index
 *(.stab.index)

.stab.indexstr
 *(.stab.indexstr)

.comment        0x00000000       0x30
 *(.comment)
 .comment       0x00000000       0x30 APP/APP.o
                                 0x31 (size before relaxing)
 .comment       0x00000030       0x31 ECUAL/BUTTON/Button.o
 .comment       0x00000030       0x31 ECUAL/LED/LED.o
 .comment       0x00000030       0x31 main.o
 .comment       0x00000030       0x31 MCAL/DIO/DIO.o
 .comment       0x00000030       0x31 MCAL/INTERUPTS/INTERUPT.o
 .comment       0x00000030       0x31 MCAL/TIMER/TImer.o

.note.gnu.avr.deviceinfo
                0x00000000       0x3c
 .note.gnu.avr.deviceinfo
                0x00000000       0x3c C:/Atmel/Studio/7.0/Packs/atmel/ATmega_DFP/1.6.364/gcc/dev/atmega32/avr5/crtatmega32.o

.note.gnu.build-id
 *(.note.gnu.build-id)

.debug
 *(.debug)

.line
 *(.line)

.debug_srcinfo
 *(.debug_srcinfo)

.debug_sfnames
 *(.debug_sfnames)

.debug_aranges  0x00000000      0x158
 *(.debug_aranges)
 .debug_aranges
                0x00000000       0x38 APP/APP.o
 .debug_aranges
                0x00000038       0x28 ECUAL/BUTTON/Button.o
 .debug_aranges
                0x00000060       0x48 ECUAL/LED/LED.o
 .debug_aranges
                0x000000a8       0x20 main.o
 .debug_aranges
                0x000000c8       0x38 MCAL/DIO/DIO.o
 .debug_aranges
                0x00000100       0x20 MCAL/INTERUPTS/INTERUPT.o
 .debug_aranges
                0x00000120       0x38 MCAL/TIMER/TImer.o

.debug_pubnames
 *(.debug_pubnames)

.debug_info     0x00000000     0x1353
 *(.debug_info .gnu.linkonce.wi.*)
 .debug_info    0x00000000      0x4e6 C:/Atmel/Studio/7.0/Packs/atmel/ATmega_DFP/1.6.364/gcc/dev/atmega32/avr5/crtatmega32.o
 .debug_info    0x000004e6      0x6cf APP/APP.o
 .debug_info    0x00000bb5      0x12c ECUAL/BUTTON/Button.o
 .debug_info    0x00000ce1      0x2c3 ECUAL/LED/LED.o
 .debug_info    0x00000fa4       0xae main.o
 .debug_info    0x00001052      0x162 MCAL/DIO/DIO.o
 .debug_info    0x000011b4       0x5f MCAL/INTERUPTS/INTERUPT.o
 .debug_info    0x00001213      0x140 MCAL/TIMER/TImer.o

.debug_abbrev   0x00000000      0x8f1
 *(.debug_abbrev)
 .debug_abbrev  0x00000000      0x4a3 C:/Atmel/Studio/7.0/Packs/atmel/ATmega_DFP/1.6.364/gcc/dev/atmega32/avr5/crtatmega32.o
 .debug_abbrev  0x000004a3      0x129 APP/APP.o
 .debug_abbrev  0x000005cc       0x89 ECUAL/BUTTON/Button.o
 .debug_abbrev  0x00000655       0xb6 ECUAL/LED/LED.o
 .debug_abbrev  0x0000070b       0x68 main.o
 .debug_abbrev  0x00000773       0x6f MCAL/DIO/DIO.o
 .debug_abbrev  0x000007e2       0x44 MCAL/INTERUPTS/INTERUPT.o
 .debug_abbrev  0x00000826       0xcb MCAL/TIMER/TImer.o

.debug_line     0x00000000      0xa0f
 *(.debug_line .debug_line.* .debug_line_end)
 .debug_line    0x00000000      0x116 C:/Atmel/Studio/7.0/Packs/atmel/ATmega_DFP/1.6.364/gcc/dev/atmega32/avr5/crtatmega32.o
 .debug_line    0x00000116      0x2d0 APP/APP.o
 .debug_line    0x000003e6       0xc8 ECUAL/BUTTON/Button.o
 .debug_line    0x000004ae      0x18e ECUAL/LED/LED.o
 .debug_line    0x0000063c       0x5f main.o
 .debug_line    0x0000069b      0x1b7 MCAL/DIO/DIO.o
 .debug_line    0x00000852       0x9a MCAL/INTERUPTS/INTERUPT.o
 .debug_line    0x000008ec      0x123 MCAL/TIMER/TImer.o

.debug_frame    0x00000000      0x288
 *(.debug_frame)
 .debug_frame   0x00000000       0x9c APP/APP.o
 .debug_frame   0x0000009c       0x34 ECUAL/BUTTON/Button.o
 .debug_frame   0x000000d0       0xbc ECUAL/LED/LED.o
 .debug_frame   0x0000018c       0x24 main.o
 .debug_frame   0x000001b0       0x54 MCAL/DIO/DIO.o
 .debug_frame   0x00000204       0x24 MCAL/INTERUPTS/INTERUPT.o
 .debug_frame   0x00000228       0x60 MCAL/TIMER/TImer.o

.debug_str      0x00000000      0x549
 *(.debug_str)
 .debug_str     0x00000000      0x196 C:/Atmel/Studio/7.0/Packs/atmel/ATmega_DFP/1.6.364/gcc/dev/atmega32/avr5/crtatmega32.o
 .debug_str     0x00000196      0x21e APP/APP.o
                                0x230 (size before relaxing)
 .debug_str     0x000003b4       0x52 ECUAL/BUTTON/Button.o
                                0x191 (size before relaxing)
 .debug_str     0x00000406       0x8b ECUAL/LED/LED.o
                                0x1f0 (size before relaxing)
 .debug_str     0x00000491       0x1f main.o
                                0x17f (size before relaxing)
 .debug_str     0x000004b0       0x31 MCAL/DIO/DIO.o
                                0x191 (size before relaxing)
 .debug_str     0x000004e1       0x1d MCAL/INTERUPTS/INTERUPT.o
                                0x15f (size before relaxing)
 .debug_str     0x000004fe       0x4b MCAL/TIMER/TImer.o
                                0x1b3 (size before relaxing)

.debug_loc      0x00000000      0xb6f
 *(.debug_loc)
 .debug_loc     0x00000000       0xcb APP/APP.o
 .debug_loc     0x000000cb       0xd6 ECUAL/BUTTON/Button.o
 .debug_loc     0x000001a1      0x39c ECUAL/LED/LED.o
 .debug_loc     0x0000053d      0x5d9 MCAL/DIO/DIO.o
 .debug_loc     0x00000b16       0x59 MCAL/TIMER/TImer.o

.debug_macinfo
 *(.debug_macinfo)

.debug_weaknames
 *(.debug_weaknames)

.debug_funcnames
 *(.debug_funcnames)

.debug_typenames
 *(.debug_typenames)

.debug_varnames
 *(.debug_varnames)

.debug_pubtypes
 *(.debug_pubtypes)

.debug_ranges   0x00000000       0xe8
 *(.debug_ranges)
 .debug_ranges  0x00000000       0x28 APP/APP.o
 .debug_ranges  0x00000028       0x18 ECUAL/BUTTON/Button.o
 .debug_ranges  0x00000040       0x38 ECUAL/LED/LED.o
 .debug_ranges  0x00000078       0x10 main.o
 .debug_ranges  0x00000088       0x28 MCAL/DIO/DIO.o
 .debug_ranges  0x000000b0       0x10 MCAL/INTERUPTS/INTERUPT.o
 .debug_ranges  0x000000c0       0x28 MCAL/TIMER/TImer.o

.debug_macro
 *(.debug_macro)
OUTPUT(on_Demand_trafic.elf elf32-avr)
LOAD linker stubs
